repo : /home/letronghien/qsqmaodv-repo
ns-3 : /home/letronghien/qsqmaodv-fanet/ns-3-qsq   (profile=release, -j8)
   src/aomdv -> /home/letronghien/qsqmaodv-repo/src/aomdv
   src/pmaodv -> /home/letronghien/qsqmaodv-repo/src/pmaodv
   src/qmaodv -> /home/letronghien/qsqmaodv-repo/src/qmaodv
   src/qs2maodv -> /home/letronghien/qsqmaodv-repo/src/qs2maodv
   scratch/qsq-compare.cc
include guards OK (33 headers in 5 modules)
Warn about uninitialized values.
-- Using default output directory /home/letronghien/qsqmaodv-fanet/ns-3-qsq/build
-- CCache is enabled.
-- [33mProceeding without cmake-format[0m
-- [33mPython: development libraries were not found[0m
-- [33mBoost was not found[0m
-- GSL was found.
-- [33mdocs: doxygen documentation not enabled due to missing dependencies: doxygen dot dia[0m
-- Failed to locate sphinx-build executable (missing: SPHINX_EXECUTABLE) 
-- [33mdocs: sphinx documentation not enabled due to missing dependencies: Sphinx epstopdf pdflatex latexmk convert dvipng dia[0m
-- Processing src/aodv
-- Processing src/aomdv
-- Processing src/applications
-- Processing src/energy
-- Processing src/flow-monitor
-- Processing src/internet
-- Processing src/mobility
-- Processing src/network
-- Processing src/pmaodv
-- Processing src/propagation
-- Processing src/qmaodv
-- Processing src/qs2maodv
-- Processing src/wifi
-- Processing src/bridge
-- Processing src/stats
-- Processing src/core
-- Boost Units are an optional feature of length.cc.  Ubuntu ships it within the libboost-dev package.  You may need to clean up the CMake cache after installing it to pass this check.
-- Processing src/traffic-control
-- Processing src/internet-apps
-- Processing src/spectrum
-- Sionna supports requires extra dependencies: cppyy sionna.rt pybind11
-- Processing src/antenna
-- Standard library Bessel function has been found
-- Processing src/buildings
-- ---- Summary of ns-3 settings:
Build profile                 : release
Build directory               : /home/letronghien/qsqmaodv-fanet/ns-3-qsq/build
Build with runtime asserts    : OFF (not requested)
Build with runtime logging    : OFF (not requested)
Build version embedding       : OFF (not requested)
BRITE Integration             : [31mOFF (missing dependency)[0m
DES Metrics event collection  : OFF (not requested)
DPDK NetDevice                : OFF (not requested)
Emulation FdNetDevice         : [31mOFF (missing dependency)[0m
Examples                      : OFF (not requested)
File descriptor NetDevice     : [31mOFF (missing dependency)[0m
GNU Scientific Library (GSL)  : [32mON[0m
GtkConfigStore                : [31mOFF (Harfbuzz is required by GTK3 and was not found)[0m
LibXml2 support               : [32mON[0m
MPI Support                   : OFF (not requested)
ns-3 Click Integration        : [31mOFF (missing dependency)[0m
ns-3 OpenFlow Integration     : [31mOFF (missing dependency)[0m
Netmap emulation FdNetDevice  : [31mOFF (missing dependency)[0m
PyViz visualizer              : [31mOFF (Python Bindings are disabled)[0m
Python Bindings               : OFF (not requested)
SQLite support                : [32mON[0m
Eigen3 support                : [31mOFF (Eigen was not found)[0m
Tap Bridge                    : [32mON[0m
Tap FdNetDevice               : [31mOFF (missing dependency)[0m
Tests                         : OFF (not requested)


Modules configured to be built:
antenna                   aodv                      aomdv                     
applications              bridge                    buildings                 
core                      energy                    flow-monitor              
internet                  internet-apps             mobility                  
network                   pmaodv                    propagation               
qmaodv                    qs2maodv                  spectrum                  
stats                     traffic-control           wifi                      



-- Configuring done (1.0s)
-- Generating done (0.1s)
-- Build files have been written to: /home/letronghien/qsqmaodv-fanet/ns-3-qsq/cmake-cache
Finished executing the following commands:
/usr/bin/cmake -S /home/letronghien/qsqmaodv-fanet/ns-3-qsq -B /home/letronghien/qsqmaodv-fanet/ns-3-qsq/cmake-cache -DCMAKE_BUILD_TYPE=release -DNS3_ASSERT=OFF -DNS3_LOG=OFF -DNS3_WARNINGS_AS_ERRORS=OFF -DNS3_NATIVE_OPTIMIZATIONS=OFF -DNS3_EXAMPLES=OFF -DNS3_PYTHON_BINDINGS=OFF -DNS3_TESTS=OFF -DNS3_WARNINGS_AS_ERRORS=OFF -DNS3_ENABLED_MODULES=aodv;applications;energy;flow-monitor;internet;mobility;network;propagation;wifi;aomdv;pmaodv;qmaodv;qs2maodv --warn-uninitialized
[0/2] Re-checking globbed directories...
[1/12] Building CXX object src/qs2maodv/CMakeFiles/qs2maodv.dir/model/qs2maodv-neighbor.cc.o
[2/12] Building CXX object src/qs2maodv/CMakeFiles/qs2maodv.dir/model/qs2maodv-dpd.cc.o
[3/12] Building CXX object src/qs2maodv/CMakeFiles/qs2maodv.dir/model/qs2maodv-id-cache.cc.o
[4/12] Building CXX object src/qs2maodv/CMakeFiles/qs2maodv.dir/model/qs2maodv-packet.cc.o
[5/12] Building CXX object src/qs2maodv/CMakeFiles/qs2maodv.dir/model/qs2maodv-rqueue.cc.o
[6/12] Building CXX object src/qs2maodv/CMakeFiles/qs2maodv.dir/helper/qs2maodv-helper.cc.o
[7/12] Building CXX object src/qs2maodv/CMakeFiles/qs2maodv.dir/model/qs2maodv-routing-protocol.cc.o
/home/letronghien/qsqmaodv-fanet/ns-3-qsq/src/qs2maodv/model/qs2maodv-routing-protocol.cc: In member function ‘void ns3::qs2maodv::RoutingProtocol::RecvRequest(ns3::Ptr<ns3::Packet>, ns3::Ipv4Address, ns3::Ipv4Address)’:
/home/letronghien/qsqmaodv-fanet/ns-3-qsq/src/qs2maodv/model/qs2maodv-routing-protocol.cc:1362:30: warning: variable ‘iface’ set but not used [-Wunused-but-set-variable]
 1362 |         Ipv4InterfaceAddress iface = j->second;
      |                              ^~~~~
[8/12] Building CXX object src/qs2maodv/CMakeFiles/qs2maodv.dir/model/qs2maodv-rtable.cc.o
[9/12] Building CXX object src/qs2maodv/CMakeFiles/qs2maodv.dir/model/qs2maodv-qtable.cc.o
In file included from /home/letronghien/qsqmaodv-fanet/ns-3-qsq/src/qs2maodv/model/qs2maodv-qtable.cc:7:
/home/letronghien/qsqmaodv-fanet/ns-3-qsq/src/qs2maodv/model/qs2maodv-qtable.h: In constructor ‘ns3::qs2maodv::QsQTable::QsQTable(uint32_t)’:
/home/letronghien/qsqmaodv-fanet/ns-3-qsq/src/qs2maodv/model/qs2maodv-qtable.h:246:12: warning: ‘ns3::qs2maodv::QsQTable::m_deltaDecay’ will be initialized after [-Wreorder]
  246 |     double m_deltaDecay;  ///< 0.02 decay when stable
      |            ^~~~~~~~~~~~
/home/letronghien/qsqmaodv-fanet/ns-3-qsq/src/qs2maodv/model/qs2maodv-qtable.h:243:24: warning:   ‘std::deque<double> ns3::qs2maodv::QsQTable::m_qtHistory’ [-Wreorder]
  243 |     std::deque<double> m_qtHistory;
      |                        ^~~~~~~~~~~
/home/letronghien/qsqmaodv-fanet/ns-3-qsq/src/qs2maodv/model/qs2maodv-qtable.cc:25:1: warning:   when initialized here [-Wreorder]
   25 | QsQTable::QsQTable(uint32_t maxPaths)
      | ^~~~~~~~
[10/12] Linking CXX shared library /home/letronghien/qsqmaodv-fanet/ns-3-qsq/build/lib/libns3.48-qs2maodv.so
[11/12] Building CXX object scratch/CMakeFiles/scratch_qsq-compare.dir/qsq-compare.cc.o
[12/12] Linking CXX executable /home/letronghien/qsqmaodv-fanet/ns-3-qsq/build/scratch/ns3.48-qsq-compare
Finished executing the following commands:
/usr/bin/cmake --build /home/letronghien/qsqmaodv-fanet/ns-3-qsq/cmake-cache -j 7

== attribute check (qsq-compare sets these on the baselines) ==
  MISSING ns3:::qmaodv::RoutingProtocol:MaxPaths   <- send this output to the assistant
  MISSING ns3::Alpha   <- send this output to the assistant
  MISSING ns3::Gamma   <- send this output to the assistant
  MISSING ns3::Epsilon   <- send this output to the assistant
  MISSING ns3::RewardW1   <- send this output to the assistant
  MISSING ns3::RewardW2   <- send this output to the assistant
  MISSING ns3::EpsilonDecay   <- send this output to the assistant
  MISSING ns3::EpsilonDecayPeriod   <- send this output to the assistant
  MISSING ns3:::pmaodv::RoutingProtocol:MaxPaths   <- send this output to the assistant

Done. Next:  cd /home/letronghien/qsqmaodv-repo && make smoke
